
> realtypals@0.1.0 build
> next build

  Γû▓ Next.js 14.2.5
  - Environments: .env.local, .env
  - Experiments (use with caution):
    ┬╖ instrumentationHook

   Creating an optimized production build ...
node.exe : [@sentry/nextjs] DEPRECATION WARNING: It is recommended renaming your `sentry.client.config.ts` file, or 
moving its content to `instrumentation-client.ts`. When using Turbopack `sentry.client.config.ts` will no longer work. 
Read more about the `instrumentation-client.ts` file: 
https://nextjs.org/docs/app/api-reference/file-conventions/instrumentation-client
At C:\Program Files\nodejs\npm.ps1:29 char:3
+   & $NODE_EXE $NPM_CLI_JS $args
+   ~~~~~~~~~~~~~~~~~~~~~~~~~~~~~
    + CategoryInfo          : NotSpecified: ([@sentry/nextjs...entation-client:String) [], RemoteException
    + FullyQualifiedErrorId : NativeCommandError
 
 Γ£ô Compiled successfully
   Linting and checking validity of types ...

Failed to compile.

./app/admin/builders/page.tsx
4:74  Warning: 'Trash2' is defined but never used.  @typescript-eslint/no-unused-vars

./app/admin/layout.tsx
8:25  Warning: 'Command' is defined but never used.  @typescript-eslint/no-unused-vars
68:6  Warning: React Hook useEffect has a missing dependency: 'router'. Either include it or remove the dependency 
array.  react-hooks/exhaustive-deps

./app/admin/page.tsx
7:24  Warning: 'Zap' is defined but never used.  @typescript-eslint/no-unused-vars
7:29  Warning: 'Clock' is defined but never used.  @typescript-eslint/no-unused-vars
36:26  Warning: Unexpected any. Specify a different type.  @typescript-eslint/no-explicit-any
49:47  Warning: Unexpected any. Specify a different type.  @typescript-eslint/no-explicit-any
50:47  Warning: Unexpected any. Specify a different type.  @typescript-eslint/no-explicit-any
51:47  Warning: Unexpected any. Specify a different type.  @typescript-eslint/no-explicit-any
52:47  Warning: Unexpected any. Specify a different type.  @typescript-eslint/no-explicit-any
53:47  Warning: Unexpected any. Specify a different type.  @typescript-eslint/no-explicit-any
54:52  Warning: Unexpected any. Specify a different type.  @typescript-eslint/no-explicit-any

./app/admin/projects/page.tsx
6:50  Warning: 'Pencil' is defined but never used.  @typescript-eslint/no-unused-vars
6:77  Warning: 'MoreHorizontal' is defined but never used.  @typescript-eslint/no-unused-vars
7:10  Warning: 'motion' is defined but never used.  @typescript-eslint/no-unused-vars
7:18  Warning: 'AnimatePresence' is defined but never used.  @typescript-eslint/no-unused-vars
77:10  Warning: 'bhkList' is defined but never used.  @typescript-eslint/no-unused-vars

./app/admin/projects/[id]/page.tsx
152:50  Warning: Unexpected any. Specify a different type.  @typescript-eslint/no-explicit-any
153:50  Warning: Unexpected any. Specify a different type.  @typescript-eslint/no-explicit-any
157:50  Warning: Unexpected any. Specify a different type.  @typescript-eslint/no-explicit-any
178:38  Warning: React Hook useEffect has a missing dependency: 'loadProject'. Either include it or remove the 
dependency array.  react-hooks/exhaustive-deps
180:53  Warning: Unexpected any. Specify a different type.  @typescript-eslint/no-explicit-any
181:23  Warning: Unexpected any. Specify a different type.  @typescript-eslint/no-explicit-any

./app/auth/page.tsx
35:6  Warning: React Hook useEffect has missing dependencies: 'router' and 'supabase.auth'. Either include them or 
remove the dependency array.  react-hooks/exhaustive-deps

./app/builder/[slug]/page.tsx
9:33  Warning: 'Calendar' is defined but never used.  @typescript-eslint/no-unused-vars
9:43  Warning: 'Users' is defined but never used.  @typescript-eslint/no-unused-vars
11:3  Warning: 'Star' is defined but never used.  @typescript-eslint/no-unused-vars

./app/discover/[sessionId]/page.tsx
33:27  Warning: Unexpected any. Specify a different type.  @typescript-eslint/no-explicit-any

./app/experiment/page.tsx
58:10  Warning: 'fallback' is assigned a value but never used.  @typescript-eslint/no-unused-vars

./app/page.tsx
26:6  Warning: React Hook useEffect has a missing dependency: 'router'. Either include it or remove the dependency 
array.  react-hooks/exhaustive-deps

./app/property/[slug]/page.tsx
16:63  Warning: Unexpected any. Specify a different type.  @typescript-eslint/no-explicit-any

./app/saved/page.tsx
42:6  Warning: React Hook useEffect has a missing dependency: 'router'. Either include it or remove the dependency 
array.  react-hooks/exhaustive-deps

./app/value-estimator/page.tsx
5:8  Warning: 'Image' is defined but never used.  @typescript-eslint/no-unused-vars
9:8  Warning: 'ThemeToggle' is defined but never used.  @typescript-eslint/no-unused-vars
15:10  Warning: 'Share2' is defined but never used.  @typescript-eslint/no-unused-vars
15:18  Warning: 'Settings' is defined but never used.  @typescript-eslint/no-unused-vars
15:28  Warning: 'User' is defined but never used.  @typescript-eslint/no-unused-vars
116:10  Warning: 'age' is assigned a value but never used.  @typescript-eslint/no-unused-vars
116:15  Warning: 'setAge' is assigned a value but never used.  @typescript-eslint/no-unused-vars
123:10  Warning: 'metroNearby' is assigned a value but never used.  @typescript-eslint/no-unused-vars
123:23  Warning: 'setMetroNearby' is assigned a value but never used.  @typescript-eslint/no-unused-vars
124:10  Warning: 'expresswayAccess' is assigned a value but never used.  @typescript-eslint/no-unused-vars
124:28  Warning: 'setExpresswayAccess' is assigned a value but never used.  @typescript-eslint/no-unused-vars
125:10  Warning: 'corporateHubProximity' is assigned a value but never used.  @typescript-eslint/no-unused-vars
125:33  Warning: 'setCorporateHubProximity' is assigned a value but never used.  @typescript-eslint/no-unused-vars
213:6  Warning: React Hook useEffect has a missing dependency: 'handleEstimate'. Either include it or remove the 
dependency array.  react-hooks/exhaustive-deps
215:50  Warning: Unexpected any. Specify a different type.  @typescript-eslint/no-explicit-any
237:26  Warning: Unexpected any. Specify a different type.  @typescript-eslint/no-explicit-any
276:21  Warning: Unexpected any. Specify a different type.  @typescript-eslint/no-explicit-any

./components/admin/DocumentsEditor.tsx
56:13  Warning: 'data' is assigned a value but never used.  @typescript-eslint/no-unused-vars

./components/admin/IntelligenceWorkspace.tsx
107:27  Warning: Unexpected any. Specify a different type.  @typescript-eslint/no-explicit-any
108:27  Warning: Unexpected any. Specify a different type.  @typescript-eslint/no-explicit-any
109:27  Warning: Unexpected any. Specify a different type.  @typescript-eslint/no-explicit-any
110:27  Warning: Unexpected any. Specify a different type.  @typescript-eslint/no-explicit-any
111:27  Warning: Unexpected any. Specify a different type.  @typescript-eslint/no-explicit-any
123:24  Warning: Unexpected any. Specify a different type.  @typescript-eslint/no-explicit-any
135:29  Warning: Unexpected any. Specify a different type.  @typescript-eslint/no-explicit-any
151:28  Warning: Unexpected any. Specify a different type.  @typescript-eslint/no-explicit-any
164:24  Warning: Unexpected any. Specify a different type.  @typescript-eslint/no-explicit-any
183:32  Warning: Unexpected any. Specify a different type.  @typescript-eslint/no-explicit-any
416:35  Warning: Unexpected any. Specify a different type.  @typescript-eslint/no-explicit-any

./components/AmenityIcon.tsx
7:26  Warning: 'ThermometerSun' is defined but never used.  @typescript-eslint/no-unused-vars
8:44  Warning: 'ShieldPlus' is defined but never used.  @typescript-eslint/no-unused-vars
9:21  Warning: 'Map' is defined but never used.  @typescript-eslint/no-unused-vars
9:26  Warning: 'MapPin' is defined but never used.  @typescript-eslint/no-unused-vars
9:34  Warning: 'Search' is defined but never used.  @typescript-eslint/no-unused-vars
9:42  Warning: 'PlayCircle' is defined but never used.  @typescript-eslint/no-unused-vars
10:17  Warning: 'UserPlus' is defined but never used.  @typescript-eslint/no-unused-vars
10:27  Warning: 'Users' is defined but never used.  @typescript-eslint/no-unused-vars
11:16  Warning: 'Shield' is defined but never used.  @typescript-eslint/no-unused-vars
11:39  Warning: 'Camera' is defined but never used.  @typescript-eslint/no-unused-vars
12:3  Warning: 'Wind' is defined but never used.  @typescript-eslint/no-unused-vars
12:9  Warning: 'Cloud' is defined but never used.  @typescript-eslint/no-unused-vars
12:16  Warning: 'LayoutGrid' is defined but never used.  @typescript-eslint/no-unused-vars
12:52  Warning: 'Hammer' is defined but never used.  @typescript-eslint/no-unused-vars
12:60  Warning: 'Stethoscope' is defined but never used.  @typescript-eslint/no-unused-vars
13:3  Warning: 'Trees' is defined but never used.  @typescript-eslint/no-unused-vars
13:31  Warning: 'Cross' is defined but never used.  @typescript-eslint/no-unused-vars
13:38  Warning: 'Leaf' is defined but never used.  @typescript-eslint/no-unused-vars
13:54  Warning: 'Sprout' is defined but never used.  @typescript-eslint/no-unused-vars
13:69  Warning: 'Popcorn' is defined but never used.  @typescript-eslint/no-unused-vars
14:3  Warning: 'Glasses' is defined but never used.  @typescript-eslint/no-unused-vars
14:12  Warning: 'UtensilsCrossed' is defined but never used.  @typescript-eslint/no-unused-vars
15:3  Warning: 'CarFront' is defined but never used.  @typescript-eslint/no-unused-vars
15:29  Warning: 'BedDouble' is defined but never used.  @typescript-eslint/no-unused-vars
15:40  Warning: 'CheckSquare' is defined but never used.  @typescript-eslint/no-unused-vars
19:9  Warning: Unexpected any. Specify a different type.  @typescript-eslint/no-explicit-any

./components/BuilderIntelligence/DeliveryRecord.tsx
15:3  Warning: 'deliveredUnits' is defined but never used. Allowed unused args must match /^_/u.  
@typescript-eslint/no-unused-vars

./components/BuilderReputationCard.tsx
5:10  Warning: 'API_BASE' is defined but never used.  @typescript-eslint/no-unused-vars
87:9  Warning: 'positiveSignals' is assigned a value but never used.  @typescript-eslint/no-unused-vars
88:9  Warning: 'negativeSignals' is assigned a value but never used.  @typescript-eslint/no-unused-vars

./components/chat/MessageBubble.tsx
7:10  Warning: 'User' is defined but never used.  @typescript-eslint/no-unused-vars
471:30  Error: `'` can be escaped with `&apos;`, `&lsquo;`, `&#39;`, `&rsquo;`.  react/no-unescaped-entities

./components/chat/ReEngagementBanner.tsx
58:87  Error: `"` can be escaped with `&quot;`, `&ldquo;`, `&#34;`, `&rdquo;`.  react/no-unescaped-entities
58:103  Error: `"` can be escaped with `&quot;`, `&ldquo;`, `&#34;`, `&rdquo;`.  react/no-unescaped-entities

./components/ClarificationChips.tsx
22:46  Warning: 'question' is defined but never used. Allowed unused args must match /^_/u.  
@typescript-eslint/no-unused-vars

./components/CommuteCalculator.tsx
5:10  Warning: 'API_BASE' is defined but never used.  @typescript-eslint/no-unused-vars

./components/ComparisonTable.tsx
237:7  Error: Missing "key" prop for element in iterator  react/jsx-key
257:9  Error: Missing "key" prop for element in iterator  react/jsx-key
271:9  Error: Missing "key" prop for element in iterator  react/jsx-key
288:9  Error: Missing "key" prop for element in iterator  react/jsx-key
305:9  Error: Missing "key" prop for element in iterator  react/jsx-key
322:9  Error: Missing "key" prop for element in iterator  react/jsx-key
340:9  Error: Missing "key" prop for element in iterator  react/jsx-key
355:9  Error: Missing "key" prop for element in iterator  react/jsx-key
357:9  Error: Missing "key" prop for element in iterator  react/jsx-key

./components/DiscoveryContent.tsx
15:8  Warning: 'StatusSteps' is defined but never used.  @typescript-eslint/no-unused-vars
21:38  Warning: 'Plus' is defined but never used.  @typescript-eslint/no-unused-vars
30:7  Warning: 'VisualGuide' is assigned a value but never used.  @typescript-eslint/no-unused-vars
32:7  Warning: 'ThemeToggle' is assigned a value but never used.  @typescript-eslint/no-unused-vars
126:10  Warning: 'showRecommendations' is assigned a value but never used.  @typescript-eslint/no-unused-vars
186:27  Warning: 'setRegeneratingIdx' is assigned a value but never used.  @typescript-eslint/no-unused-vars
188:10  Warning: 'statusPhase' is assigned a value but never used.  @typescript-eslint/no-unused-vars
189:10  Warning: 'resultCount' is assigned a value but never used.  @typescript-eslint/no-unused-vars
217:27  Warning: Unexpected any. Specify a different type.  @typescript-eslint/no-explicit-any
231:16  Warning: '_' is defined but never used.  @typescript-eslint/no-unused-vars
236:38  Warning: Unexpected any. Specify a different type.  @typescript-eslint/no-explicit-any
247:33  Warning: Unexpected any. Specify a different type.  @typescript-eslint/no-explicit-any
252:44  Warning: Unexpected any. Specify a different type.  @typescript-eslint/no-explicit-any
252:81  Warning: Unexpected any. Specify a different type.  @typescript-eslint/no-explicit-any
259:40  Warning: Unexpected any. Specify a different type.  @typescript-eslint/no-explicit-any
261:27  Warning: Unexpected any. Specify a different type.  @typescript-eslint/no-explicit-any
270:39  Warning: Unexpected any. Specify a different type.  @typescript-eslint/no-explicit-any
515:31  Warning: Unexpected any. Specify a different type.  @typescript-eslint/no-explicit-any
619:6  Warning: React Hook useEffect has a missing dependency: 'scrollToBottom'. Either include it or remove the 
dependency array.  react-hooks/exhaustive-deps
626:27  Warning: Unexpected any. Specify a different type.  @typescript-eslint/no-explicit-any
657:27  Warning: Unexpected any. Specify a different type.  @typescript-eslint/no-explicit-any
678:6  Warning: React Hook useEffect has a missing dependency: 'submitMessage'. Either include it or remove the 
dependency array.  react-hooks/exhaustive-deps
885:6  Warning: React Hook useCallback has a missing dependency: 'initialSessionId'. Either include it or remove the 
dependency array.  react-hooks/exhaustive-deps
909:9  Warning: 'handleQuickActionTrigger' is assigned a value but never used.  @typescript-eslint/no-unused-vars
956:9  Warning: 'suggestionChips' is assigned a value but never used.  @typescript-eslint/no-unused-vars

./components/DocumentQA.tsx
4:43  Warning: 'X' is defined but never used.  @typescript-eslint/no-unused-vars
5:10  Warning: 'API_BASE' is defined but never used.  @typescript-eslint/no-unused-vars

./components/FloorPlanViewer.tsx
6:10  Warning: 'motion' is defined but never used.  @typescript-eslint/no-unused-vars
6:18  Warning: 'AnimatePresence' is defined but never used.  @typescript-eslint/no-unused-vars

./components/MarketComparison.tsx
4:10  Warning: 'TrendingUp' is defined but never used.  @typescript-eslint/no-unused-vars
4:42  Warning: 'Building2' is defined but never used.  @typescript-eslint/no-unused-vars
5:10  Warning: 'API_BASE' is defined but never used.  @typescript-eslint/no-unused-vars

./components/PlacesAutocomplete.tsx
8:29  Warning: 'useState' is defined but never used.  @typescript-eslint/no-unused-vars
65:6  Warning: React Hook useEffect has a missing dependency: 'onChange'. Either include it or remove the dependency 
array. If 'onChange' changes too often, find the parent component that defines it and wrap that definition in 
useCallback.  react-hooks/exhaustive-deps

./components/ProjectCard.tsx
30:7  Warning: 'AMENITY_ICONS' is assigned a value but never used.  @typescript-eslint/no-unused-vars
39:7  Warning: 'CONN_ICONS' is assigned a value but never used.  @typescript-eslint/no-unused-vars
67:9  Warning: 'statusLabel' is assigned a value but never used.  @typescript-eslint/no-unused-vars
68:9  Warning: 'StatusIcon' is assigned a value but never used.  @typescript-eslint/no-unused-vars

./components/ProjectDetailPanel.tsx
5:3  Warning: 'ExternalLink' is defined but never used.  @typescript-eslint/no-unused-vars
7:43  Warning: 'Trophy' is defined but never used.  @typescript-eslint/no-unused-vars
7:95  Warning: 'ChevronUp' is defined but never used.  @typescript-eslint/no-unused-vars
43:37  Warning: Unexpected any. Specify a different type.  @typescript-eslint/no-explicit-any
52:34  Warning: Unexpected any. Specify a different type.  @typescript-eslint/no-explicit-any
213:10  Warning: 'isMobile' is assigned a value but never used.  @typescript-eslint/no-unused-vars
274:6  Warning: React Hook useEffect has missing dependencies: 'initialDetail' and 'project'. Either include them or 
remove the dependency array. If 'setDetail' needs the current value of 'initialDetail', you can also switch to 
useReducer instead of useState and read 'initialDetail' in the reducer.  react-hooks/exhaustive-deps
281:6  Warning: React Hook useEffect has missing dependencies: 'initialDetail' and 'project'. Either include them or 
remove the dependency array. If 'setDetail' needs the current value of 'initialDetail', you can also switch to 
useReducer instead of useState and read 'initialDetail' in the reducer.  react-hooks/exhaustive-deps
286:6  Warning: React Hook useEffect has a missing dependency: 'project'. Either include it or remove the dependency 
array.  react-hooks/exhaustive-deps
296:6  Warning: React Hook useEffect has a missing dependency: 'paymentPlan.loaded'. Either include it or remove the 
dependency array.  react-hooks/exhaustive-deps
306:6  Warning: React Hook useEffect has a missing dependency: 'costSheet.loaded'. Either include it or remove the 
dependency array.  react-hooks/exhaustive-deps
317:6  Warning: React Hook useEffect has missing dependencies: 'onClose' and 'project'. Either include them or remove 
the dependency array. If 'onClose' changes too often, find the parent component that defines it and wrap that 
definition in useCallback.  react-hooks/exhaustive-deps
317:7  Warning: React Hook useEffect has a complex expression in the dependency array. Extract it to a separate 
variable so it can be statically checked.  react-hooks/exhaustive-deps
479:71  Warning: Unexpected any. Specify a different type.  @typescript-eslint/no-explicit-any
479:125  Warning: Unexpected any. Specify a different type.  @typescript-eslint/no-explicit-any
596:39  Warning: Unexpected any. Specify a different type.  @typescript-eslint/no-explicit-any
620:47  Warning: Unexpected any. Specify a different type.  @typescript-eslint/no-explicit-any
624:53  Warning: Unexpected any. Specify a different type.  @typescript-eslint/no-explicit-any
636:70  Warning: Unexpected any. Specify a different type.  @typescript-eslint/no-explicit-any
682:87  Warning: Unexpected any. Specify a different type.  @typescript-eslint/no-explicit-any
1302:101  Warning: Unexpected any. Specify a different type.  @typescript-eslint/no-explicit-any
1370:36  Warning: Unexpected any. Specify a different type.  @typescript-eslint/no-explicit-any
1405:49  Warning: Unexpected any. Specify a different type.  @typescript-eslint/no-explicit-any
1411:76  Warning: Unexpected any. Specify a different type.  @typescript-eslint/no-explicit-any
1411:108  Warning: Unexpected any. Specify a different type.  @typescript-eslint/no-explicit-any
1655:78  Warning: Unexpected any. Specify a different type.  @typescript-eslint/no-explicit-any
1655:132  Warning: Unexpected any. Specify a different type.  @typescript-eslint/no-explicit-any
1694:61  Warning: Unexpected any. Specify a different type.  @typescript-eslint/no-explicit-any
1697:88  Warning: Unexpected any. Specify a different type.  @typescript-eslint/no-explicit-any
1697:120  Warning: Unexpected any. Specify a different type.  @typescript-eslint/no-explicit-any

./components/PropertyCard.tsx
35:20  Warning: Unexpected any. Specify a different type.  @typescript-eslint/no-explicit-any
36:18  Warning: Unexpected any. Specify a different type.  @typescript-eslint/no-explicit-any
36:44  Warning: Unexpected any. Specify a different type.  @typescript-eslint/no-explicit-any
112:29  Warning: Unexpected any. Specify a different type.  @typescript-eslint/no-explicit-any
113:32  Warning: Unexpected any. Specify a different type.  @typescript-eslint/no-explicit-any
140:33  Warning: Unexpected any. Specify a different type.  @typescript-eslint/no-explicit-any
141:33  Warning: Unexpected any. Specify a different type.  @typescript-eslint/no-explicit-any
151:39  Warning: Unexpected any. Specify a different type.  @typescript-eslint/no-explicit-any
152:43  Warning: Unexpected any. Specify a different type.  @typescript-eslint/no-explicit-any

./components/PropertyDetailView.tsx
7:10  Warning: 'AmenityGrid' is defined but never used.  @typescript-eslint/no-unused-vars
9:21  Warning: 'Download' is defined but never used.  @typescript-eslint/no-unused-vars
9:36  Warning: 'BedDouble' is defined but never used.  @typescript-eslint/no-unused-vars
9:54  Warning: 'CheckCircle2' is defined but never used.  @typescript-eslint/no-unused-vars
9:68  Warning: 'HardHat' is defined but never used.  @typescript-eslint/no-unused-vars

./components/SavedPropertyCard.tsx
7:18  Warning: 'Heart' is defined but never used.  @typescript-eslint/no-unused-vars
7:58  Warning: 'CheckCircle2' is defined but never used.  @typescript-eslint/no-unused-vars
7:72  Warning: 'HardHat' is defined but never used.  @typescript-eslint/no-unused-vars

./components/Sidebar/SessionItem.tsx
52:14  Warning: 'err' is defined but never used.  @typescript-eslint/no-unused-vars
66:14  Warning: 'err' is defined but never used.  @typescript-eslint/no-unused-vars
128:21  Warning: Unexpected any. Specify a different type.  @typescript-eslint/no-explicit-any
138:39  Warning: Unexpected any. Specify a different type.  @typescript-eslint/no-explicit-any
144:55  Warning: Unexpected any. Specify a different type.  @typescript-eslint/no-explicit-any
154:76  Warning: '_' is defined but never used.  @typescript-eslint/no-unused-vars

./components/Sidebar.tsx
69:37  Warning: Unexpected any. Specify a different type.  @typescript-eslint/no-explicit-any
166:45  Warning: Unexpected any. Specify a different type.  @typescript-eslint/no-explicit-any
221:53  Warning: Unexpected any. Specify a different type.  @typescript-eslint/no-explicit-any

./components/SiteVisitScheduler.tsx
5:33  Warning: 'Phone' is defined but never used.  @typescript-eslint/no-unused-vars
5:40  Warning: 'Mail' is defined but never used.  @typescript-eslint/no-unused-vars
5:63  Warning: 'ChevronLeft' is defined but never used.  @typescript-eslint/no-unused-vars
5:76  Warning: 'ChevronRight' is defined but never used.  @typescript-eslint/no-unused-vars

./components/ui/placeholders-and-vanish-input.tsx
49:8  Warning: React Hook useEffect has missing dependencies: 'handleVisibilityChange' and 'startAnimation'. Either 
include them or remove the dependency array.  react-hooks/exhaustive-deps

./components/ui/text-generate-effect.tsx
31:8  Warning: React Hook useEffect has missing dependencies: 'animate', 'duration', and 'filter'. Either include them 
or remove the dependency array. Mutable values like 'scope.current' aren't valid dependencies because mutating them 
doesn't re-render the component.  react-hooks/exhaustive-deps

./components/VisualGuide.tsx
5:52  Warning: 'Map' is defined but never used.  @typescript-eslint/no-unused-vars
5:77  Warning: 'Target' is defined but never used.  @typescript-eslint/no-unused-vars

./lib/normalize.ts
5:7  Warning: 'K_RE' is assigned a value but never used.  @typescript-eslint/no-unused-vars

./lib/sessionCache.ts
1:52  Warning: Unexpected any. Specify a different type.  @typescript-eslint/no-explicit-any

info  - Need to disable some ESLint rules? Learn more here: 
https://nextjs.org/docs/basic-features/eslint#disabling-rules
npm error Lifecycle script `build` failed with error:
npm error code 1
npm error path C:\Users\Furqan\Desktop\UiRealtyPals\frontend
npm error workspace realtypals@0.1.0
npm error location C:\Users\Furqan\Desktop\UiRealtyPals\frontend
npm error command failed
npm error command C:\WINDOWS\system32\cmd.exe /d /s /c next build
